[1;94m  •[m a                                                [1;94merror[m=here
[1;94m  •[m info
[1;94m  •[m warn 1
[1;93m  •[m warn
[1;93m  •[m warn 1
[1;91m  ⨯[m error
[1;91m  ⨯[m warn 1
[1;94m  •[m foo                                              [1;94mfoo[m=bar
[1;94m    •[m increased
[1;94m  •[m without padding                                  [1;94mfoo[m=bar
[1;94m    •[m increased
